=== RUN   TestLogAIInference
2026/04/06 15:36:29 [INFO] [DB] SQLite (Local) detected. Setting MaxIdleConns to 2, MaxOpenConns to 10.
2026/04/06 15:36:29 [INFO] [Identity-X] DSU initialized with persistent merge relations.
--- PASS: TestLogAIInference (0.24s)
=== RUN   TestNormalizeWithCategory
2026/04/06 15:36:29 [INFO] [DB] SQLite (Local) detected. Setting MaxIdleConns to 2, MaxOpenConns to 10.
2026/04/06 15:36:29 [INFO] [Identity-X] DSU initialized with persistent merge relations.
=== RUN   TestNormalizeWithCategory/Direct_Email_Internal
=== RUN   TestNormalizeWithCategory/Name_Matching_Internal
=== RUN   TestNormalizeWithCategory/Alias_Matching_Internal
=== RUN   TestNormalizeWithCategory/TrimSpace_and_Domain_Priority
=== RUN   TestNormalizeWithCategory/Contacts_DisplayName_Match
=== RUN   TestNormalizeWithCategory/Contacts_Alias_Match
=== RUN   TestNormalizeWithCategory/Contacts_Email_Match
=== RUN   TestNormalizeWithCategory/External_Name_Match
=== RUN   TestNormalizeWithCategory/External_Email
=== RUN   TestNormalizeWithCategory/External_Unknown
=== RUN   TestNormalizeWithCategory/Already_Categorized_Internal
=== RUN   TestNormalizeWithCategory/Already_Categorized_External
=== RUN   TestNormalizeWithCategory/Empty_Name
--- PASS: TestNormalizeWithCategory (0.01s)
    --- PASS: TestNormalizeWithCategory/Direct_Email_Internal (0.00s)
    --- PASS: TestNormalizeWithCategory/Name_Matching_Internal (0.00s)
    --- PASS: TestNormalizeWithCategory/Alias_Matching_Internal (0.00s)
    --- PASS: TestNormalizeWithCategory/TrimSpace_and_Domain_Priority (0.00s)
    --- PASS: TestNormalizeWithCategory/Contacts_DisplayName_Match (0.00s)
    --- PASS: TestNormalizeWithCategory/Contacts_Alias_Match (0.00s)
    --- PASS: TestNormalizeWithCategory/Contacts_Email_Match (0.00s)
    --- PASS: TestNormalizeWithCategory/External_Name_Match (0.00s)
    --- PASS: TestNormalizeWithCategory/External_Email (0.00s)
    --- PASS: TestNormalizeWithCategory/External_Unknown (0.00s)
    --- PASS: TestNormalizeWithCategory/Already_Categorized_Internal (0.00s)
    --- PASS: TestNormalizeWithCategory/Already_Categorized_External (0.00s)
    --- PASS: TestNormalizeWithCategory/Empty_Name (0.00s)
=== RUN   TestGetArchivedMessagesFiltered_Status
2026/04/06 15:36:29 [INFO] [DB] SQLite (Local) detected. Setting MaxIdleConns to 2, MaxOpenConns to 10.
2026/04/06 15:36:29 [INFO] [Identity-X] DSU initialized with persistent merge relations.
=== RUN   TestGetArchivedMessagesFiltered_Status/Status_All
=== RUN   TestGetArchivedMessagesFiltered_Status/Status_Default_(empty)
=== RUN   TestGetArchivedMessagesFiltered_Status/Status_Done
=== RUN   TestGetArchivedMessagesFiltered_Status/Status_Canceled
=== RUN   TestGetArchivedMessagesFiltered_Status/Status_Canceled_with_Query_(Matched)
=== RUN   TestGetArchivedMessagesFiltered_Status/Status_Canceled_with_Query_(Unmatched)
=== RUN   TestGetArchivedMessagesFiltered_Status/Status_All_with_Pagination
=== RUN   TestGetArchivedMessagesFiltered_Status/Invalid_Status_(Fallback_to_All)
--- PASS: TestGetArchivedMessagesFiltered_Status (0.02s)
    --- PASS: TestGetArchivedMessagesFiltered_Status/Status_All (0.00s)
    --- PASS: TestGetArchivedMessagesFiltered_Status/Status_Default_(empty) (0.00s)
    --- PASS: TestGetArchivedMessagesFiltered_Status/Status_Done (0.00s)
    --- PASS: TestGetArchivedMessagesFiltered_Status/Status_Canceled (0.00s)
    --- PASS: TestGetArchivedMessagesFiltered_Status/Status_Canceled_with_Query_(Matched) (0.00s)
    --- PASS: TestGetArchivedMessagesFiltered_Status/Status_Canceled_with_Query_(Unmatched) (0.00s)
    --- PASS: TestGetArchivedMessagesFiltered_Status/Status_All_with_Pagination (0.00s)
    --- PASS: TestGetArchivedMessagesFiltered_Status/Invalid_Status_(Fallback_to_All) (0.00s)
=== RUN   TestCacheInvalidationAndReadThrough
2026/04/06 15:36:29 [INFO] [DB] SQLite (Local) detected. Setting MaxIdleConns to 2, MaxOpenConns to 10.
2026/04/06 15:36:29 [INFO] [Identity-X] DSU initialized with persistent merge relations.
--- PASS: TestCacheInvalidationAndReadThrough (0.01s)
=== RUN   TestDeleteGmailToken
2026/04/06 15:36:29 [INFO] [DB] SQLite (Local) detected. Setting MaxIdleConns to 2, MaxOpenConns to 10.
2026/04/06 15:36:29 [INFO] [Identity-X] DSU initialized with persistent merge relations.
--- PASS: TestDeleteGmailToken (0.01s)
=== RUN   TestLinkContact
2026/04/06 15:36:29 [INFO] [DB] SQLite (Local) detected. Setting MaxIdleConns to 2, MaxOpenConns to 10.
2026/04/06 15:36:29 [INFO] [Identity-X] DSU initialized with persistent merge relations.
=== RUN   TestLinkContact/Basic_Linking
=== RUN   TestLinkContact/Tree_Flattening_(1-Level_Hierarchy)
=== RUN   TestLinkContact/Unlinking
=== RUN   TestLinkContact/Circular_Reference_Prevention_-_Self
=== RUN   TestLinkContact/Circular_Reference_Prevention_-_Child_to_Master
    contacts_linking_test.go:92: Expected circular reference error, got nil
--- FAIL: TestLinkContact (0.01s)
    --- PASS: TestLinkContact/Basic_Linking (0.00s)
    --- PASS: TestLinkContact/Tree_Flattening_(1-Level_Hierarchy) (0.00s)
    --- PASS: TestLinkContact/Unlinking (0.00s)
    --- PASS: TestLinkContact/Circular_Reference_Prevention_-_Self (0.00s)
    --- FAIL: TestLinkContact/Circular_Reference_Prevention_-_Child_to_Master (0.00s)
=== RUN   TestAutoUpsertContact
2026/04/06 15:36:29 [INFO] [DB] SQLite (Local) detected. Setting MaxIdleConns to 2, MaxOpenConns to 10.
2026/04/06 15:36:29 [INFO] [Identity-X] DSU initialized with persistent merge relations.
--- PASS: TestAutoUpsertContact (0.01s)
=== RUN   TestInitDBLocal
2026/04/06 15:36:29 [INFO] [DB] SQLite (Local) detected. Setting MaxIdleConns to 2, MaxOpenConns to 10.
2026/04/06 15:36:29 [INFO] [Identity-X] DSU initialized with persistent merge relations.
--- PASS: TestInitDBLocal (0.01s)
=== RUN   TestRunInTx
2026/04/06 15:36:29 [INFO] [DB] SQLite (Local) detected. Setting MaxIdleConns to 2, MaxOpenConns to 10.
2026/04/06 15:36:29 [INFO] [Identity-X] DSU initialized with persistent merge relations.
=== RUN   TestRunInTx/Commit
=== RUN   TestRunInTx/Rollback
--- PASS: TestRunInTx (0.01s)
    --- PASS: TestRunInTx/Commit (0.00s)
    --- PASS: TestRunInTx/Rollback (0.00s)
=== RUN   TestBatchOperations
2026/04/06 15:36:29 [INFO] [DB] SQLite (Local) detected. Setting MaxIdleConns to 2, MaxOpenConns to 10.
2026/04/06 15:36:29 [INFO] [Identity-X] DSU initialized with persistent merge relations.
=== RUN   TestBatchOperations/GetMessagesByIDs
=== RUN   TestBatchOperations/DeleteAndRestoreMessages
--- PASS: TestBatchOperations (0.01s)
    --- PASS: TestBatchOperations/GetMessagesByIDs (0.00s)
    --- PASS: TestBatchOperations/DeleteAndRestoreMessages (0.00s)
=== RUN   TestLegacyColumnRemoval
2026/04/06 15:36:29 [INFO] [DB] SQLite (Local) detected. Setting MaxIdleConns to 2, MaxOpenConns to 10.
2026/04/06 15:36:29 [INFO] [Identity-X] DSU initialized with persistent merge relations.
    db_test.go:153: Verified hard deprecation: legacy columns dropped successfully.
--- PASS: TestLegacyColumnRemoval (0.01s)
=== RUN   TestIdentityXTransitiveLink
2026/04/06 15:36:29 [INFO] [DB] SQLite (Local) detected. Setting MaxIdleConns to 2, MaxOpenConns to 10.
2026/04/06 15:36:29 [INFO] [Identity-X] DSU initialized with persistent merge relations.
--- PASS: TestIdentityXTransitiveLink (0.01s)
=== RUN   TestAchievementSeeding
2026/04/06 15:36:29 [INFO] [DB] SQLite (Local) detected. Setting MaxIdleConns to 2, MaxOpenConns to 10.
2026/04/06 15:36:29 [INFO] [Identity-X] DSU initialized with persistent merge relations.
2026/04/06 15:36:29 [INFO] [Store] Cached 10 achievements
=== RUN   TestAchievementSeeding/should_seed_a_minimum_number_of_achievements
=== RUN   TestAchievementSeeding/should_contain_a_valid_'Morning_Star'_achievement
--- PASS: TestAchievementSeeding (0.01s)
    --- PASS: TestAchievementSeeding/should_seed_a_minimum_number_of_achievements (0.00s)
    --- PASS: TestAchievementSeeding/should_contain_a_valid_'Morning_Star'_achievement (0.00s)
=== RUN   TestGetUserAchievements
2026/04/06 15:36:29 [INFO] [DB] SQLite (Local) detected. Setting MaxIdleConns to 2, MaxOpenConns to 10.
2026/04/06 15:36:29 [INFO] [Identity-X] DSU initialized with persistent merge relations.
=== RUN   TestGetUserAchievements/should_execute_without_error_for_a_newly_created_user
--- PASS: TestGetUserAchievements (0.01s)
    --- PASS: TestGetUserAchievements/should_execute_without_error_for_a_newly_created_user (0.00s)
=== RUN   TestIdentityResolutionViews
2026/04/06 15:36:29 [INFO] [DB] SQLite (Local) detected. Setting MaxIdleConns to 2, MaxOpenConns to 10.
2026/04/06 15:36:29 [INFO] [Identity-X] DSU initialized with persistent merge relations.
=== RUN   TestIdentityResolutionViews/v_contacts_resolved
=== RUN   TestIdentityResolutionViews/v_messages_integration
--- PASS: TestIdentityResolutionViews (0.01s)
    --- PASS: TestIdentityResolutionViews/v_contacts_resolved (0.00s)
    --- PASS: TestIdentityResolutionViews/v_messages_integration (0.00s)
=== RUN   TestIdentityResolution
2026/04/06 15:36:29 [INFO] [DB] SQLite (Local) detected. Setting MaxIdleConns to 2, MaxOpenConns to 10.
2026/04/06 15:36:29 [INFO] [Identity-X] DSU initialized with persistent merge relations.
2026/04/06 15:36:29 [INFO] [Identity-X] DSU initialized with persistent merge relations.
    identity_test.go:35: IDs: A=1, B=2, C=3
--- PASS: TestIdentityResolution (0.01s)
=== RUN   TestInternalStatusPromotion
2026/04/06 15:36:29 [INFO] [DB] SQLite (Local) detected. Setting MaxIdleConns to 2, MaxOpenConns to 10.
2026/04/06 15:36:29 [INFO] [Identity-X] DSU initialized with persistent merge relations.
=== RUN   TestInternalStatusPromotion/Promotion_via_Internal_Alias
=== RUN   TestInternalStatusPromotion/Promotion_via_Merge
--- PASS: TestInternalStatusPromotion (0.01s)
    --- PASS: TestInternalStatusPromotion/Promotion_via_Internal_Alias (0.00s)
    --- PASS: TestInternalStatusPromotion/Promotion_via_Merge (0.00s)
=== RUN   TestMergeTaskInvalidation
2026/04/06 15:36:29 [INFO] [DB] SQLite (Local) detected. Setting MaxIdleConns to 2, MaxOpenConns to 10.
2026/04/06 15:36:29 [INFO] [Identity-X] DSU initialized with persistent merge relations.
--- PASS: TestMergeTaskInvalidation (0.01s)
=== RUN   TestMetadataIntegrity
2026/04/06 15:36:29 [INFO] [DB] SQLite (Local) detected. Setting MaxIdleConns to 2, MaxOpenConns to 10.
2026/04/06 15:36:29 [INFO] [Identity-X] DSU initialized with persistent merge relations.
=== RUN   TestMetadataIntegrity/ScanIsContextQuery
=== RUN   TestMetadataIntegrity/ScanConstraintsJSON
=== RUN   TestMetadataIntegrity/ScanDefaultEmptyConstraints
=== RUN   TestMetadataIntegrity/ScanSourceChannels
=== RUN   TestMetadataIntegrity/CrossChannelDeduplication
--- PASS: TestMetadataIntegrity (0.01s)
    --- PASS: TestMetadataIntegrity/ScanIsContextQuery (0.00s)
    --- PASS: TestMetadataIntegrity/ScanConstraintsJSON (0.00s)
    --- PASS: TestMetadataIntegrity/ScanDefaultEmptyConstraints (0.00s)
    --- PASS: TestMetadataIntegrity/ScanSourceChannels (0.00s)
    --- PASS: TestMetadataIntegrity/CrossChannelDeduplication (0.00s)
=== RUN   TestSQLQueriesLoaded
--- PASS: TestSQLQueriesLoaded (0.00s)
=== RUN   TestListReportsPerformance
2026/04/06 15:36:29 [INFO] [DB] SQLite (Local) detected. Setting MaxIdleConns to 2, MaxOpenConns to 10.
2026/04/06 15:36:29 [INFO] [Identity-X] DSU initialized with persistent merge relations.
    report_performance_test.go:57: Successfully verified 1+1 batch loading for 5 reports
--- PASS: TestListReportsPerformance (0.01s)
=== RUN   TestGetContactByIdentifier
2026/04/06 15:36:29 [INFO] [DB] SQLite (Local) detected. Setting MaxIdleConns to 2, MaxOpenConns to 10.
2026/04/06 15:36:29 [INFO] [Identity-X] DSU initialized with persistent merge relations.
=== RUN   TestGetContactByIdentifier/LookupByEmail
=== RUN   TestGetContactByIdentifier/LookupByDisplayName
=== RUN   TestGetContactByIdentifier/LookupByAlias
=== RUN   TestGetContactByIdentifier/CaseInsensitiveAlias
--- PASS: TestGetContactByIdentifier (0.01s)
    --- PASS: TestGetContactByIdentifier/LookupByEmail (0.00s)
    --- PASS: TestGetContactByIdentifier/LookupByDisplayName (0.00s)
    --- PASS: TestGetContactByIdentifier/LookupByAlias (0.00s)
    --- PASS: TestGetContactByIdentifier/CaseInsensitiveAlias (0.00s)
=== RUN   TestGetUserStats_IncludesArchived
2026/04/06 15:36:29 [INFO] [DB] SQLite (Local) detected. Setting MaxIdleConns to 2, MaxOpenConns to 10.
2026/04/06 15:36:29 [INFO] [Identity-X] DSU initialized with persistent merge relations.
--- PASS: TestGetUserStats_IncludesArchived (0.02s)
=== RUN   TestGetSQLiteOffset
--- PASS: TestGetSQLiteOffset (0.00s)
=== RUN   TestGetWorkingDaysAgo
--- PASS: TestGetWorkingDaysAgo (0.00s)
=== RUN   TestGetLocalThreshold
--- PASS: TestGetLocalThreshold (0.00s)
=== RUN   TestDBTime_Scan
=== RUN   TestDBTime_Scan/Scan_time.Time_directly
=== RUN   TestDBTime_Scan/Scan_standard_DB_string
=== RUN   TestDBTime_Scan/Scan_RFC3339_string
=== RUN   TestDBTime_Scan/Scan_[]byte
=== RUN   TestDBTime_Scan/Scan_nil
--- PASS: TestDBTime_Scan (0.00s)
    --- PASS: TestDBTime_Scan/Scan_time.Time_directly (0.00s)
    --- PASS: TestDBTime_Scan/Scan_standard_DB_string (0.00s)
    --- PASS: TestDBTime_Scan/Scan_RFC3339_string (0.00s)
    --- PASS: TestDBTime_Scan/Scan_[]byte (0.00s)
    --- PASS: TestDBTime_Scan/Scan_nil (0.00s)
=== RUN   TestGetOrCreateUser
2026/04/06 15:36:29 [INFO] [DB] SQLite (Local) detected. Setting MaxIdleConns to 2, MaxOpenConns to 10.
2026/04/06 15:36:29 [INFO] [Identity-X] DSU initialized with persistent merge relations.
=== RUN   TestGetOrCreateUser/CreateNewUser
=== RUN   TestGetOrCreateUser/UpdateExistingUser
=== RUN   TestGetOrCreateUser/GetExistingUserNoUpdate
--- PASS: TestGetOrCreateUser (0.02s)
    --- PASS: TestGetOrCreateUser/CreateNewUser (0.00s)
    --- PASS: TestGetOrCreateUser/UpdateExistingUser (0.00s)
    --- PASS: TestGetOrCreateUser/GetExistingUserNoUpdate (0.00s)
=== RUN   TestUpdateUserSlackID
2026/04/06 15:36:29 [INFO] [DB] SQLite (Local) detected. Setting MaxIdleConns to 2, MaxOpenConns to 10.
2026/04/06 15:36:29 [INFO] [Identity-X] DSU initialized with persistent merge relations.
--- PASS: TestUpdateUserSlackID (0.01s)
FAIL
FAIL	message-consolidator/store	0.512s
FAIL
